Neighbor info at step 0: radial(max=33,actual=26), angular(max=25,actual=16).
Neighbor info at step 0: radial(max=33,actual=26), angular(max=25,actual=16).
Neighbor info at step 0: radial(max=33,actual=26), angular(max=25,actual=16).
Neighbor info at step 0: radial(max=33,actual=26), angular(max=25,actual=16).
Neighbor info at step 0: radial(max=33,actual=26), angular(max=25,actual=16).
Neighbor info at step 0: radial(max=33,actual=26), angular(max=25,actual=16).
Neighbor info at step 0: radial(max=33,actual=26), angular(max=25,actual=16).
Neighbor info at step 0: radial(max=33,actual=26), angular(max=25,actual=16).
