      -17.097223724021887     -132.291494045313840      170.679371884380231      -99.452644927553493       -1.720598375285522
